node.exe : (node:26340) 
ExperimentalWarning: CommonJS 
module C:\Program Files\nodejs\no
de_modules\npm\node_modules\debug
\src\node.js is loading ES 
Module C:\Program Files\nodejs\no
de_modules\npm\node_modules\suppo
rts-color\index.js using 
require().
At C:\Program 
Files\nodejs\npx.ps1:29 char:3
+   & $NODE_EXE $NPX_CLI_JS $args
+   ~~~~~~~~~~~~~~~~~~~~~~~~~~~~~
    + CategoryInfo          : No 
   tSpecified: ((node:26340) Ex  
  ...sing require().:String) [   
 ], RemoteException
    + FullyQualifiedErrorId : Na 
   tiveCommandError
 
Support for loading ES Module in 
require() is an experimental 
feature and might change at any 
time
(Use `node --trace-warnings ...` 
to show where the warning was 
created)
node_modules/react-toastify/dist/index.d.ts(2,8): error TS1259: Module '"E:/DRM/PDRM/FRONTEND/node_modules/@types/react/index"' can only be default-imported using the 'esModuleInterop' flag
src/pages/admin/Users.tsx(1,8): error TS1259: Module '"E:/DRM/PDRM/FRONTEND/node_modules/@types/react/index"' can only be default-imported using the 'esModuleInterop' flag
src/pages/admin/Users.tsx(3,22): error TS6142: Module '../../components/common/PageMeta' was resolved to 'E:/DRM/PDRM/FRONTEND/src/components/common/PageMeta.tsx', but '--jsx' is not set.
src/pages/admin/Users.tsx(4,28): error TS6142: Module '../../components/common/PageBreadCrumb' was resolved to 'E:/DRM/PDRM/FRONTEND/src/components/common/PageBreadCrumb.tsx', but '--jsx' is not set.
src/pages/admin/Users.tsx(6,23): error TS6142: Module '../../components/ui/modal' was resolved to 'E:/DRM/PDRM/FRONTEND/src/components/ui/modal/index.tsx', but '--jsx' is not set.
src/pages/admin/Users.tsx(7,20): error TS6142: Module '../../components/ui/button/Button' was resolved to 'E:/DRM/PDRM/FRONTEND/src/components/ui/button/Button.tsx', but '--jsx' is not set.
src/pages/admin/Users.tsx(8,19): error TS6142: Module '../../components/form/input/InputField' was resolved to 'E:/DRM/PDRM/FRONTEND/src/components/form/input/InputField.tsx', but '--jsx' is not set.
src/pages/admin/Users.tsx(9,19): error TS6142: Module '../../components/form/Label' was resolved to 'E:/DRM/PDRM/FRONTEND/src/components/form/Label.tsx', but '--jsx' is not set.
src/pages/admin/Users.tsx(10,21): error TS6142: Module '../../components/auth/PermissionGuard' was resolved to 'E:/DRM/PDRM/FRONTEND/src/components/auth/PermissionGuard.tsx', but '--jsx' is not set.
src/pages/admin/Users.tsx(15,25): error TS6142: Module '../../context/AuthContext' was resolved to 'E:/DRM/PDRM/FRONTEND/src/context/AuthContext.tsx', but '--jsx' is not set.
src/pages/admin/Users.tsx(16,26): error TS6142: Module '../../components/admin/UserCard' was resolved to 'E:/DRM/PDRM/FRONTEND/src/components/admin/UserCard.tsx', but '--jsx' is not set.
src/pages/admin/Users.tsx(17,27): error TS6142: Module '../../components/admin/UserStats' was resolved to 'E:/DRM/PDRM/FRONTEND/src/components/admin/UserStats.tsx', but '--jsx' is not set.
src/pages/admin/Users.tsx(54,5): error TS17004: Cannot use JSX unless the '--jsx' flag is provided.
src/pages/admin/Users.tsx(56,9): error TS17004: Cannot use JSX unless the '--jsx' flag is provided.
src/pages/admin/Users.tsx(60,13): error TS17004: Cannot use JSX unless the '--jsx' flag is provided.
src/pages/admin/Users.tsx(407,9): error TS17004: Cannot use JSX unless the '--jsx' flag is provided.
src/pages/admin/Users.tsx(408,13): error TS17004: Cannot use JSX unless the '--jsx' flag is provided.
src/pages/admin/Users.tsx(412,13): error TS17004: Cannot use JSX unless the '--jsx' flag is provided.
src/pages/admin/Users.tsx(414,13): error TS17004: Cannot use JSX unless the '--jsx' flag is provided.
src/pages/admin/Users.tsx(415,17): error TS17004: Cannot use JSX unless the '--jsx' flag is provided.
src/pages/admin/Users.tsx(417,17): error TS17004: Cannot use JSX unless the '--jsx' flag is provided.
src/pages/admin/Users.tsx(420,17): error TS17004: Cannot use JSX unless the '--jsx' flag is provided.
src/pages/admin/Users.tsx(421,21): error TS17004: Cannot use JSX unless the '--jsx' flag is provided.
src/pages/admin/Users.tsx(422,25): error TS17004: Cannot use JSX unless the '--jsx' flag is provided.
src/pages/admin/Users.tsx(423,29): error TS17004: Cannot use JSX unless the '--jsx' flag is provided.
src/pages/admin/Users.tsx(426,29): error TS17004: Cannot use JSX unless the '--jsx' flag is provided.
src/pages/admin/Users.tsx(429,25): error TS17004: Cannot use JSX unless the '--jsx' flag is provided.
src/pages/admin/Users.tsx(431,29): error TS17004: Cannot use JSX unless the '--jsx' flag is provided.
src/pages/admin/Users.tsx(432,33): error TS17004: Cannot use JSX unless the '--jsx' flag is provided.
src/pages/admin/Users.tsx(433,33): error TS17004: Cannot use JSX unless the '--jsx' flag is provided.
src/pages/admin/Users.tsx(442,29): error TS17004: Cannot use JSX unless the '--jsx' flag is provided.
src/pages/admin/Users.tsx(443,33): error TS17004: Cannot use JSX unless the '--jsx' flag is provided.
src/pages/admin/Users.tsx(447,37): error TS17004: Cannot use JSX unless the '--jsx' flag is provided.
src/pages/admin/Users.tsx(449,33): error TS17004: Cannot use JSX unless the '--jsx' flag is provided.
src/pages/admin/Users.tsx(453,37): error TS17004: Cannot use JSX unless the '--jsx' flag is provided.
src/pages/admin/Users.tsx(457,29): error TS17004: Cannot use JSX unless the '--jsx' flag is provided.
src/pages/admin/Users.tsx(458,33): error TS17004: Cannot use JSX unless the '--jsx' flag is provided.
src/pages/admin/Users.tsx(462,37): error TS17004: Cannot use JSX unless the '--jsx' flag is provided.
src/pages/admin/Users.tsx(470,21): error TS17004: Cannot use JSX unless the '--jsx' flag is provided.
src/pages/admin/Users.tsx(472,29): error TS17004: Cannot use JSX unless the '--jsx' flag is provided.
src/pages/admin/Users.tsx(485,21): error TS17004: Cannot use JSX unless the '--jsx' flag is provided.
src/pages/admin/Users.tsx(493,25): error TS17004: Cannot use JSX unless the '--jsx' flag is provided.
src/pages/admin/Users.tsx(494,29): error TS17004: Cannot use JSX unless the '--jsx' flag is provided.
src/pages/admin/Users.tsx(497,25): error TS17004: Cannot use JSX unless the '--jsx' flag is provided.
src/pages/admin/Users.tsx(499,33): error TS17004: Cannot use JSX unless the '--jsx' flag is provided.
src/pages/admin/Users.tsx(510,45): error TS17004: Cannot use JSX unless the '--jsx' flag is provided.
src/pages/admin/Users.tsx(531,33): error TS17004: Cannot use JSX unless the '--jsx' flag is provided.
src/pages/admin/Users.tsx(538,37): error TS17004: Cannot use JSX unless the '--jsx' flag is provided.
src/pages/admin/Users.tsx(539,41): error TS17004: Cannot use JSX unless the '--jsx' flag is provided.
src/pages/admin/Users.tsx(540,45): error TS17004: Cannot use JSX unless the '--jsx' flag is provided.
src/pages/admin/Users.tsx(541,49): error TS17004: Cannot use JSX unless the '--jsx' flag is provided.
src/pages/admin/Users.tsx(542,49): error TS17004: Cannot use JSX unless the '--jsx' flag is provided.
src/pages/admin/Users.tsx(543,49): error TS17004: Cannot use JSX unless the '--jsx' flag is provided.
src/pages/admin/Users.tsx(544,49): error TS17004: Cannot use JSX unless the '--jsx' flag is provided.
src/pages/admin/Users.tsx(545,49): error TS17004: Cannot use JSX unless the '--jsx' flag is provided.
src/pages/admin/Users.tsx(548,41): error TS17004: Cannot use JSX unless the '--jsx' flag is provided.
src/pages/admin/Users.tsx(553,53): error TS17004: Cannot use JSX unless the '--jsx' flag is provided.
src/pages/admin/Users.tsx(554,57): error TS17004: Cannot use JSX unless the '--jsx' flag is provided.
src/pages/admin/Users.tsx(555,61): error TS17004: Cannot use JSX unless the '--jsx' flag is provided.
src/pages/admin/Users.tsx(556,65): error TS17004: Cannot use JSX unless the '--jsx' flag is provided.
src/pages/admin/Users.tsx(558,73): error TS17004: Cannot use JSX unless the '--jsx' flag is provided.
src/pages/admin/Users.tsx(563,65): error TS17004: Cannot use JSX unless the '--jsx' flag is provided.
src/pages/admin/Users.tsx(564,69): error TS17004: Cannot use JSX unless the '--jsx' flag is provided.
src/pages/admin/Users.tsx(565,69): error TS17004: Cannot use JSX unless the '--jsx' flag is provided.
src/pages/admin/Users.tsx(569,57): error TS17004: Cannot use JSX unless the '--jsx' flag is provided.
src/pages/admin/Users.tsx(570,61): error TS17004: Cannot use JSX unless the '--jsx' flag is provided.
src/pages/admin/Users.tsx(572,85): error TS17004: Cannot use JSX unless the '--jsx' flag is provided.
src/pages/admin/Users.tsx(575,57): error TS17004: Cannot use JSX unless the '--jsx' flag is provided.
src/pages/admin/Users.tsx(576,61): error TS17004: Cannot use JSX unless the '--jsx' flag is provided.
src/pages/admin/Users.tsx(580,57): error TS17004: Cannot use JSX unless the '--jsx' flag is provided.
src/pages/admin/Users.tsx(581,61): error TS17004: Cannot use JSX unless the '--jsx' flag is provided.
src/pages/admin/Users.tsx(582,65): error TS17004: Cannot use JSX unless the '--jsx' flag is provided.
src/pages/admin/Users.tsx(583,65): error TS17004: Cannot use JSX unless the '--jsx' flag is provided.
src/pages/admin/Users.tsx(588,57): error TS17004: Cannot use JSX unless the '--jsx' flag is provided.
src/pages/admin/Users.tsx(589,61): error TS17004: Cannot use JSX unless the '--jsx' flag is provided.
src/pages/admin/Users.tsx(590,65): error TS17004: Cannot use JSX unless the '--jsx' flag is provided.
src/pages/admin/Users.tsx(591,69): error TS17004: Cannot use JSX unless the '--jsx' flag is provided.
src/pages/admin/Users.tsx(593,65): error TS17004: Cannot use JSX unless the '--jsx' flag is provided.
src/pages/admin/Users.tsx(594,69): error TS17004: Cannot use JSX unless the '--jsx' flag is provided.
src/pages/admin/Users.tsx(596,65): error TS17004: Cannot use JSX unless the '--jsx' flag is provided.
src/pages/admin/Users.tsx(597,69): error TS17004: Cannot use JSX unless the '--jsx' flag is provided.
src/pages/admin/Users.tsx(599,65): error TS17004: Cannot use JSX unless the '--jsx' flag is provided.
src/pages/admin/Users.tsx(600,69): error TS17004: Cannot use JSX unless the '--jsx' flag is provided.
src/pages/admin/Users.tsx(618,13): error TS17004: Cannot use JSX unless the '--jsx' flag is provided.
src/pages/admin/Users.tsx(619,17): error TS17004: Cannot use JSX unless the '--jsx' flag is provided.
src/pages/admin/Users.tsx(621,21): error TS17004: Cannot use JSX unless the '--jsx' flag is provided.
src/pages/admin/Users.tsx(622,25): error TS17004: Cannot use JSX unless the '--jsx' flag is provided.
src/pages/admin/Users.tsx(623,29): error TS17004: Cannot use JSX unless the '--jsx' flag is provided.
src/pages/admin/Users.tsx(624,29): error TS17004: Cannot use JSX unless the '--jsx' flag is provided.
src/pages/admin/Users.tsx(626,25): error TS17004: Cannot use JSX unless the '--jsx' flag is provided.
src/pages/admin/Users.tsx(627,29): error TS17004: Cannot use JSX unless the '--jsx' flag is provided.
src/pages/admin/Users.tsx(628,33): error TS17004: Cannot use JSX unless the '--jsx' flag is provided.
src/pages/admin/Users.tsx(630,29): error TS17004: Cannot use JSX unless the '--jsx' flag is provided.
src/pages/admin/Users.tsx(631,33): error TS17004: Cannot use JSX unless the '--jsx' flag is provided.
src/pages/admin/Users.tsx(634,33): error TS17004: Cannot use JSX unless the '--jsx' flag is provided.
src/pages/admin/Users.tsx(641,21): error TS17004: Cannot use JSX unless the '--jsx' flag is provided.
src/pages/admin/Users.tsx(642,25): error TS17004: Cannot use JSX unless the '--jsx' flag is provided.
src/pages/admin/Users.tsx(643,29): error TS17004: Cannot use JSX unless the '--jsx' flag is provided.
src/pages/admin/Users.tsx(646,33): error TS17004: Cannot use JSX unless the '--jsx' flag is provided.
src/pages/admin/Users.tsx(647,37): error TS17004: Cannot use JSX unless the '--jsx' flag is provided.
src/pages/admin/Users.tsx(648,41): error TS17004: Cannot use JSX unless the '--jsx' flag is provided.
src/pages/admin/Users.tsx(649,45): error TS17004: Cannot use JSX unless the '--jsx' flag is provided.
src/pages/admin/Users.tsx(650,45): error TS17004: Cannot use JSX unless the '--jsx' flag is provided.
src/pages/admin/Users.tsx(653,41): error TS17004: Cannot use JSX unless the '--jsx' flag is provided.
src/pages/admin/Users.tsx(654,45): error TS17004: Cannot use JSX unless the '--jsx' flag is provided.
src/pages/admin/Users.tsx(655,49): error TS17004: Cannot use JSX unless the '--jsx' flag is provided.
src/pages/admin/Users.tsx(656,53): error TS17004: Cannot use JSX unless the '--jsx' flag is provided.
src/pages/admin/Users.tsx(658,61): error TS17004: Cannot use JSX unless the '--jsx' flag is provided.
src/pages/admin/Users.tsx(669,61): error TS17004: Cannot use JSX unless the '--jsx' flag is provided.
src/pages/admin/Users.tsx(670,65): error TS17004: Cannot use JSX unless the '--jsx' flag is provided.
src/pages/admin/Users.tsx(671,65): error TS17004: Cannot use JSX unless the '--jsx' flag is provided.
src/pages/admin/Users.tsx(675,61): error TS17004: Cannot use JSX unless the '--jsx' flag is provided.
src/pages/admin/Users.tsx(688,57): error TS17004: Cannot use JSX unless the '--jsx' flag is provided.
src/pages/admin/Users.tsx(689,61): error TS17004: Cannot use JSX unless the '--jsx' flag is provided.
src/pages/admin/Users.tsx(693,49): error TS17004: Cannot use JSX unless the '--jsx' flag is provided.
src/pages/admin/Users.tsx(696,45): error TS17004: Cannot use JSX unless the '--jsx' flag is provided.
src/pages/admin/Users.tsx(697,49): error TS17004: Cannot use JSX unless the '--jsx' flag is provided.
src/pages/admin/Users.tsx(698,49): error TS17004: Cannot use JSX unless the '--jsx' flag is provided.
src/pages/admin/Users.tsx(709,45): error TS17004: Cannot use JSX unless the '--jsx' flag is provided.
src/pages/admin/Users.tsx(710,49): error TS17004: Cannot use JSX unless the '--jsx' flag is provided.
src/pages/admin/Users.tsx(711,49): error TS17004: Cannot use JSX unless the '--jsx' flag is provided.
src/pages/admin/Users.tsx(722,45): error TS17004: Cannot use JSX unless the '--jsx' flag is provided.
src/pages/admin/Users.tsx(723,49): error TS17004: Cannot use JSX unless the '--jsx' flag is provided.
src/pages/admin/Users.tsx(724,53): error TS17004: Cannot use JSX unless the '--jsx' flag is provided.
src/pages/admin/Users.tsx(725,53): error TS17004: Cannot use JSX unless the '--jsx' flag is provided.
src/pages/admin/Users.tsx(734,49): error TS17004: Cannot use JSX unless the '--jsx' flag is provided.
src/pages/admin/Users.tsx(735,53): error TS17004: Cannot use JSX unless the '--jsx' flag is provided.
src/pages/admin/Users.tsx(736,53): error TS17004: Cannot use JSX unless the '--jsx' flag is provided.
src/pages/admin/Users.tsx(742,57): error TS17004: Cannot use JSX unless the '--jsx' flag is provided.
src/pages/admin/Users.tsx(743,57): error TS17004: Cannot use JSX unless the '--jsx' flag is provided.
src/pages/admin/Users.tsx(744,57): error TS17004: Cannot use JSX unless the '--jsx' flag is provided.
src/pages/admin/Users.tsx(751,37): error TS17004: Cannot use JSX unless the '--jsx' flag is provided.
src/pages/admin/Users.tsx(752,41): error TS17004: Cannot use JSX unless the '--jsx' flag is provided.
src/pages/admin/Users.tsx(753,45): error TS17004: Cannot use JSX unless the '--jsx' flag is provided.
src/pages/admin/Users.tsx(754,45): error TS17004: Cannot use JSX unless the '--jsx' flag is provided.
src/pages/admin/Users.tsx(757,41): error TS17004: Cannot use JSX unless the '--jsx' flag is provided.
src/pages/admin/Users.tsx(758,45): error TS17004: Cannot use JSX unless the '--jsx' flag is provided.
src/pages/admin/Users.tsx(759,49): error TS17004: Cannot use JSX unless the '--jsx' flag is provided.
src/pages/admin/Users.tsx(760,49): error TS17004: Cannot use JSX unless the '--jsx' flag is provided.
src/pages/admin/Users.tsx(766,53): error TS17004: Cannot use JSX unless the '--jsx' flag is provided.
src/pages/admin/Users.tsx(767,53): error TS17004: Cannot use JSX unless the '--jsx' flag is provided.
src/pages/admin/Users.tsx(768,53): error TS17004: Cannot use JSX unless the '--jsx' flag is provided.
src/pages/admin/Users.tsx(769,53): error TS17004: Cannot use JSX unless the '--jsx' flag is provided.
src/pages/admin/Users.tsx(770,53): error TS17004: Cannot use JSX unless the '--jsx' flag is provided.
src/pages/admin/Users.tsx(771,53): error TS17004: Cannot use JSX unless the '--jsx' flag is provided.
src/pages/admin/Users.tsx(772,53): error TS17004: Cannot use JSX unless the '--jsx' flag is provided.
src/pages/admin/Users.tsx(773,53): error TS17004: Cannot use JSX unless the '--jsx' flag is provided.
src/pages/admin/Users.tsx(774,53): error TS17004: Cannot use JSX unless the '--jsx' flag is provided.
src/pages/admin/Users.tsx(776,49): error TS17004: Cannot use JSX unless the '--jsx' flag is provided.
src/pages/admin/Users.tsx(781,45): error TS17004: Cannot use JSX unless the '--jsx' flag is provided.
src/pages/admin/Users.tsx(782,49): error TS17004: Cannot use JSX unless the '--jsx' flag is provided.
src/pages/admin/Users.tsx(783,49): error TS17004: Cannot use JSX unless the '--jsx' flag is provided.
src/pages/admin/Users.tsx(785,57): error TS17004: Cannot use JSX unless the '--jsx' flag is provided.
src/pages/admin/Users.tsx(793,61): error TS17004: Cannot use JSX unless the '--jsx' flag is provided.
src/pages/admin/Users.tsx(818,33): error TS17004: Cannot use JSX unless the '--jsx' flag is provided.
src/pages/admin/Users.tsx(819,37): error TS17004: Cannot use JSX unless the '--jsx' flag is provided.
src/pages/admin/Users.tsx(820,41): error TS17004: Cannot use JSX unless the '--jsx' flag is provided.
src/pages/admin/Users.tsx(821,45): error TS17004: Cannot use JSX unless the '--jsx' flag is provided.
src/pages/admin/Users.tsx(824,41): error TS17004: Cannot use JSX unless the '--jsx' flag is provided.
src/pages/admin/Users.tsx(825,45): error TS17004: Cannot use JSX unless the '--jsx' flag is provided.
src/pages/admin/Users.tsx(826,49): error TS17004: Cannot use JSX unless the '--jsx' flag is provided.
src/pages/admin/Users.tsx(827,53): error TS17004: Cannot use JSX unless the '--jsx' flag is provided.
src/pages/admin/Users.tsx(829,49): error TS17004: Cannot use JSX unless the '--jsx' flag is provided.
src/pages/admin/Users.tsx(830,53): error TS17004: Cannot use JSX unless the '--jsx' flag is provided.
src/pages/admin/Users.tsx(831,53): error TS17004: Cannot use JSX unless the '--jsx' flag is provided.
src/pages/admin/Users.tsx(835,45): error TS17004: Cannot use JSX unless the '--jsx' flag is provided.
src/pages/admin/Users.tsx(836,49): error TS17004: Cannot use JSX unless the '--jsx' flag is provided.
src/pages/admin/Users.tsx(837,53): error TS17004: Cannot use JSX unless the '--jsx' flag is provided.
src/pages/admin/Users.tsx(838,57): error TS17004: Cannot use JSX unless the '--jsx' flag is provided.
src/pages/admin/Users.tsx(839,57): error TS17004: Cannot use JSX unless the '--jsx' flag is provided.
src/pages/admin/Users.tsx(845,61): error TS17004: Cannot use JSX unless the '--jsx' flag is provided.
src/pages/admin/Users.tsx(846,61): error TS17004: Cannot use JSX unless the '--jsx' flag is provided.
src/pages/admin/Users.tsx(851,57): error TS17004: Cannot use JSX unless the '--jsx' flag is provided.
src/pages/admin/Users.tsx(852,61): error TS17004: Cannot use JSX unless the '--jsx' flag is provided.
src/pages/admin/Users.tsx(853,61): error TS17004: Cannot use JSX unless the '--jsx' flag is provided.
src/pages/admin/Users.tsx(865,65): error TS17004: Cannot use JSX unless the '--jsx' flag is provided.
src/pages/admin/Users.tsx(866,92): error TS17004: Cannot use JSX unless the '--jsx' flag is provided.
src/pages/admin/Users.tsx(872,49): error TS17004: Cannot use JSX unless the '--jsx' flag is provided.
src/pages/admin/Users.tsx(873,53): error TS17004: Cannot use JSX unless the '--jsx' flag is provided.
src/pages/admin/Users.tsx(875,61): error TS17004: Cannot use JSX unless the '--jsx' flag is provided.
src/pages/admin/Users.tsx(876,65): error TS17004: Cannot use JSX unless the '--jsx' flag is provided.
src/pages/admin/Users.tsx(877,65): error TS17004: Cannot use JSX unless the '--jsx' flag is provided.
src/pages/admin/Users.tsx(888,69): error TS17004: Cannot use JSX unless the '--jsx' flag is provided.
src/pages/admin/Users.tsx(889,87): error TS17004: Cannot use JSX unless the '--jsx' flag is provided.
src/pages/admin/Users.tsx(895,61): error TS17004: Cannot use JSX unless the '--jsx' flag is provided.
src/pages/admin/Users.tsx(896,65): error TS17004: Cannot use JSX unless the '--jsx' flag is provided.
src/pages/admin/Users.tsx(897,65): error TS17004: Cannot use JSX unless the '--jsx' flag is provided.
src/pages/admin/Users.tsx(907,69): error TS17004: Cannot use JSX unless the '--jsx' flag is provided.
src/pages/admin/Users.tsx(908,91): error TS17004: Cannot use JSX unless the '--jsx' flag is provided.
src/pages/admin/Users.tsx(915,57): error TS17004: Cannot use JSX unless the '--jsx' flag is provided.
src/pages/admin/Users.tsx(916,61): error TS17004: Cannot use JSX unless the '--jsx' flag is provided.
src/pages/admin/Users.tsx(917,61): error TS17004: Cannot use JSX unless the '--jsx' flag is provided.
src/pages/admin/Users.tsx(923,65): error TS17004: Cannot use JSX unless the '--jsx' flag is provided.
src/pages/admin/Users.tsx(924,81): error TS17004: Cannot use JSX unless the '--jsx' flag is provided.
src/pages/admin/Users.tsx(931,53): error TS17004: Cannot use JSX unless the '--jsx' flag is provided.
src/pages/admin/Users.tsx(932,57): error TS17004: Cannot use JSX unless the '--jsx' flag is provided.
src/pages/admin/Users.tsx(933,57): error TS17004: Cannot use JSX unless the '--jsx' flag is provided.
src/pages/admin/Users.tsx(944,25): error TS17004: Cannot use JSX unless the '--jsx' flag is provided.
src/pages/admin/Users.tsx(945,29): error TS17004: Cannot use JSX unless the '--jsx' flag is provided.
src/pages/admin/Users.tsx(947,37): error TS17004: Cannot use JSX unless the '--jsx' flag is provided.
src/pages/admin/Users.tsx(948,41): error TS17004: Cannot use JSX unless the '--jsx' flag is provided.
src/pages/admin/Users.tsx(952,29): error TS17004: Cannot use JSX unless the '--jsx' flag is provided.
src/pages/admin/Users.tsx(953,33): error TS17004: Cannot use JSX unless the '--jsx' flag is provided.
src/pages/admin/Users.tsx(962,37): error TS17004: Cannot use JSX unless the '--jsx' flag is provided.
src/pages/admin/Users.tsx(975,13): error TS17004: Cannot use JSX unless the '--jsx' flag is provided.
src/pages/admin/Users.tsx(976,17): error TS17004: Cannot use JSX unless the '--jsx' flag is provided.
src/pages/admin/Users.tsx(977,21): error TS17004: Cannot use JSX unless the '--jsx' flag is provided.
src/pages/admin/Users.tsx(978,25): error TS17004: Cannot use JSX unless the '--jsx' flag is provided.
src/pages/admin/Users.tsx(979,29): error TS17004: Cannot use JSX unless the '--jsx' flag is provided.
src/pages/admin/Users.tsx(980,33): error TS17004: Cannot use JSX unless the '--jsx' flag is provided.
src/pages/admin/Users.tsx(982,29): error TS17004: Cannot use JSX unless the '--jsx' flag is provided.
src/pages/admin/Users.tsx(983,33): error TS17004: Cannot use JSX unless the '--jsx' flag is provided.
src/pages/admin/Users.tsx(984,33): error TS17004: Cannot use JSX unless the '--jsx' flag is provided.
src/pages/admin/Users.tsx(989,21): error TS17004: Cannot use JSX unless the '--jsx' flag is provided.
src/pages/admin/Users.tsx(990,25): error TS17004: Cannot use JSX unless the '--jsx' flag is provided.
src/pages/admin/Users.tsx(991,29): error TS17004: Cannot use JSX unless the '--jsx' flag is provided.
src/pages/admin/Users.tsx(992,29): error TS17004: Cannot use JSX unless the '--jsx' flag is provided.
src/pages/admin/Users.tsx(994,37): error TS17004: Cannot use JSX unless the '--jsx' flag is provided.
src/pages/admin/Users.tsx(1002,41): error TS17004: Cannot use JSX unless the '--jsx' flag is provided.
src/pages/admin/Users.tsx(1003,45): error TS17004: Cannot use JSX unless the '--jsx' flag is provided.
src/pages/admin/Users.tsx(1004,48): error TS2339: Property 'description' does not exist on type 'Option'.
src/pages/admin/Users.tsx(1004,63): error TS17004: Cannot use JSX unless the '--jsx' flag is provided.
src/pages/admin/Users.tsx(1004,107): error TS2339: Property 'description' does not exist on type 'Option'.
src/pages/admin/Users.tsx(1006,41): error TS17004: Cannot use JSX unless the '--jsx' flag is provided.
src/pages/admin/Users.tsx(1025,25): error TS17004: Cannot use JSX unless the '--jsx' flag is provided.
src/pages/admin/Users.tsx(1026,29): error TS17004: Cannot use JSX unless the '--jsx' flag is provided.
src/pages/admin/Users.tsx(1033,29): error TS17004: Cannot use JSX unless the '--jsx' flag is provided.
